// Jest Snapshot v1, https://goo.gl/fbAQLP

exports[`<Appointment/>, functions should match to previous snapshots 1`] = `
<div>
  <h1>
    Appointment page!
  </h1>
  <FormAppointment />
</div>
`;
